02-22 15:01:39.924 16228 16243 I TestRunner: started: settingsScreen_displaysForecastToggles(com.example.mountainweather.SettingsScreenTest)
02-22 15:01:39.925 16228 16243 D IdlingRegistry: Registering idling resources: [androidx.compose.ui.test.EspressoLink@afe4fbb]
02-22 15:01:39.926 16228 16243 W Settings: Setting always_finish_activities has moved from android.provider.Settings.System to android.provider.Settings.Global, returning read-only value.
02-22 15:01:39.927   785  2436 V GrammaticalInflectionUtils: AttributionSource: android.content.AttributionSource@a175a36b does not have READ_SYSTEM_GRAMMATICAL_GENDER permission.
02-22 15:01:39.933  1592  1592 D RecentsView: onTaskRemoved: 82, not handling task stack changes
02-22 15:01:39.933  1592  1592 D RecentsView: onTaskRemoved: 82, not handling task stack changes
02-22 15:01:39.933   609   757 I libbinder.BpBinder: onLastStrongRef automatically unlinking death recipients for descriptor: '(not cached)'
02-22 15:01:39.933  1592  1592 D BaseActivity: Launcher flags updated: [state_started|state_resumed|state_deferred_resumed|state_window_focused] -[state_user_active]
02-22 15:01:39.933  1592  1592 D BaseActivity: Launcher flags updated: [state_started|state_window_focused] -[state_resumed|state_deferred_resumed]
02-22 15:01:39.934  1592  1592 W SplitSelectStateCtor: Missing session instanceIds
02-22 15:01:39.934  1592  1592 D StatsLog: LAUNCHER_SPLIT_SELECTION_EXIT_INTERRUPTED
02-22 15:01:39.936  1592  1592 D RecentsView: onTaskDisplayChanged: 84, new displayId = 0
02-22 15:01:39.936  1592  1592 D b/417220811: invalidateLoadedTasks - previous requestLoadId: -1
02-22 15:01:39.936  1592  1592 D b/417220811: invalidateLoadedTasks - previous requestLoadId: -1
02-22 15:01:39.938 16228 16228 D LifecycleMonitor: Lifecycle status change: androidx.activity.ComponentActivity@847ca1c in: PRE_ON_CREATE
02-22 15:01:39.938 16228 16228 V ActivityScenario: Activity lifecycle changed event received but ignored because the reported transition was not ON_CREATE while the last known transition was PRE_ON_CREATE
02-22 15:01:39.940 16228 16228 D LifecycleMonitor: Lifecycle status change: androidx.activity.ComponentActivity@847ca1c in: CREATED
02-22 15:01:39.940 16228 16228 V ActivityScenario: Update currentActivityStage to CREATED, currentActivity=androidx.activity.ComponentActivity@847ca1c
02-22 15:01:39.940 16228 16228 D LifecycleMonitor: Lifecycle status change: androidx.activity.ComponentActivity@847ca1c in: STARTED
02-22 15:01:39.940 16228 16228 V ActivityScenario: Update currentActivityStage to STARTED, currentActivity=androidx.activity.ComponentActivity@847ca1c
02-22 15:01:39.941 16228 16228 D LifecycleMonitor: Lifecycle status change: androidx.activity.ComponentActivity@847ca1c in: RESUMED
02-22 15:01:39.942 16228 16228 V ActivityScenario: Update currentActivityStage to RESUMED, currentActivity=androidx.activity.ComponentActivity@847ca1c
02-22 15:01:39.950 16228 16228 D VRI[ComponentActivity]: WindowInsets changed: 1080x2400 statusBars:[0,63,0,0] navigationBars:[0,0,0,63] mandatorySystemGestures:[0,63,0,84]
02-22 15:01:39.950  1268  1417 D WindowOnBackDispatcher: setTopOnBackInvokedCallback (unwrapped): android.view.ViewRootImpl$$ExternalSyntheticLambda12@a4c1c9c
02-22 15:01:39.950 16228 16228 D WindowOnBackDispatcher: setTopOnBackInvokedCallback (unwrapped): android.view.ViewRootImpl$$ExternalSyntheticLambda12@bea027f
02-22 15:01:39.951  1592  1592 D b/417220811: invalidateLoadedTasks - previous requestLoadId: -1
02-22 15:01:39.968   785   811 I ActivityTaskManager: Displayed com.example.mountainweather/androidx.activity.ComponentActivity for user 0: +37ms
02-22 15:01:39.970 16259 16259 D VRI[InstrumentationActivityInvoker$EmptyActivity]: visibilityChanged oldVisibility=true newVisibility=false
02-22 15:01:39.971  1592  1592 D b/417220811: invalidateLoadedTasks - previous requestLoadId: -1
02-22 15:01:39.979  1592  1592 D BaseActivity: Launcher flags updated: [state_started] -[state_window_focused]
02-22 15:01:39.985  1592  1599 W System  : A resource failed to call release.
02-22 15:01:39.985  1592  1599 W System  : A resource failed to call release.
02-22 15:01:39.985  1592  1599 W System  : A resource failed to call HardwareBuffer.close.
02-22 15:01:39.985  1592  1599 W System  : A resource failed to call release.
02-22 15:01:39.997 16259 16259 D WindowOnBackDispatcher: setTopOnBackInvokedCallback (unwrapped): null
02-22 15:01:39.997 16259 16259 D ViewRootImpl: Skipping stats log for color mode
02-22 15:01:40.000  1592  1592 D RecentsView: onTaskRemoved: 83, not handling task stack changes
02-22 15:01:40.000  1592  1592 D RecentsView: onTaskRemoved: 83, not handling task stack changes
02-22 15:01:40.000  1592  1592 D b/417220811: invalidateLoadedTasks - previous requestLoadId: -1
02-22 15:01:40.025   785   922 I ImeTracker: com.example.mountainweather:1620b0c1: onRequestHide at ORIGIN_SERVER reason HIDE_UNSPECIFIED_WINDOW fromUser false
02-22 15:01:40.026 16228 16228 I ImeTracker: com.example.mountainweather:1620b0c1: onCancelled at PHASE_CLIENT_ALREADY_HIDDEN
02-22 15:01:40.026  8187  8187 I GoogleInputMethodService: GoogleInputMethodService.onFinishInput():2057
02-22 15:01:40.026   785  2436 I ImeTracker: system_server:1e09ce31: onRequestHide at ORIGIN_SERVER reason IME_REQUESTED_CHANGED_LISTENER fromUser false
02-22 15:01:40.026  8187  8187 I Module  : DeviceLockedStatusModuleProvider$Module.updateDeviceLockedStatus():100 repeatCheckTimes = 0, locked = false
02-22 15:01:40.026   785   814 I ImeTracker: system_server:1e09ce31: onCancelled at PHASE_SERVER_SHOULD_HIDE
02-22 15:01:40.026  8187  8187 I GoogleInputMethodService: GoogleInputMethodService.onStartInput():1318 onStartInput(EditorInfo{EditorInfo{packageName=com.example.mountainweather, inputType=0, inputTypeString=NULL, enableLearning=false, autoCorrection=false, autoComplete=false, imeOptions=0, privateImeOptions=null, actionName=UNSPECIFIED, actionLabel=null, initialSelStart=-1, initialSelEnd=-1, initialCapsMode=0, label=null, fieldId=0, fieldName=null, extras=null, hintText=null, hintLocales=[]}}, false)
02-22 15:01:40.027  8187  8187 I Module  : DeviceLockedStatusModuleProvider$Module.updateDeviceLockedStatus():100 repeatCheckTimes = 1, locked = false
02-22 15:01:40.036  1592  1592 D b/417220811: invalidateLoadedTasks - previous requestLoadId: -1
02-22 15:01:40.183   654   764 W libbinder.IPCThreadState: Sending oneway calls to frozen process.
02-22 15:01:40.185  1268  1417 D WindowOnBackDispatcher: setTopOnBackInvokedCallback (unwrapped): null
02-22 15:01:40.249  1592  1592 D WorkspaceRevealAnim: onAnimationEnd: workspace alpha = 1.0
02-22 15:01:40.266  1268  1417 W FrameTracker: Missed App frame:UNKNOWN: 3, 2524614, 33469141, CUJ=J<SPLASHSCREEN_EXIT_ANIM>
02-22 15:01:40.266  1268  1417 W FrameTracker: Missed SF frame:UNKNOWN: 3, 2524614, 33469141, CUJ=J<SPLASHSCREEN_EXIT_ANIM>
02-22 15:01:40.285  1268  1607 D WallpaperService: onVisibilityChanged(false): com.android.systemui.wallpapers.ImageWallpaper$CanvasEngine@fdc379e
02-22 15:01:40.285  1592  1592 D VRI[NexusLauncherActivity]: visibilityChanged oldVisibility=true newVisibility=false
02-22 15:01:40.289  1268  1417 D WindowOnBackDispatcher: setTopOnBackInvokedCallback (unwrapped): null
02-22 15:01:40.299  1592  1592 D NexusLauncherModelDelegate: notifySmartspaceEvent: SmartspaceTargetEvent{mSmartspaceTarget=null, mSmartspaceActionId='null', mEventType=7}
02-22 15:01:40.303  1592  1592 D BaseActivity: Launcher flags updated: [] -[state_started]
02-22 15:01:40.303  1592  1592 D BaseDepthController: setSurface:
02-22 15:01:40.303  1592  1592 D BaseDepthController: 	mWaitingOnSurfaceValidity: false
02-22 15:01:40.303  1592  1592 D BaseDepthController: 	mBaseSurface: null
02-22 15:01:40.303  1592  1592 D BaseDepthController: mSurface is null and mCurrentBlur is: 0
02-22 15:01:40.303  1592  1592 D LauncherStateManager: StateManager.goToState: fromState: Normal, toState: Normal, partial trace:
02-22 15:01:40.303  1592  1592 D LauncherStateManager: 	at com.android.launcher3.statemanager.StateManager.moveToRestState(go/retraceme f3a19d912c87c27267cfbc05ba0bc7b202ab72a6648bd76225f5f7e128d94583:6)
02-22 15:01:40.303  1592  1592 D LauncherStateManager: 	at com.android.launcher3.statemanager.StateManager.moveToRestState(go/retraceme f3a19d912c87c27267cfbc05ba0bc7b202ab72a6648bd76225f5f7e128d94583:2)
02-22 15:01:40.303  1592  1592 D LauncherStateManager: 	at com.android.launcher3.statemanager.StatefulActivity.onStop(go/retraceme f3a19d912c87c27267cfbc05ba0bc7b202ab72a6648bd76225f5f7e128d94583:32)
02-22 15:01:40.303  1592  1592 D LauncherStateManager: StateManager.onRepeatStateSetAborted: state: Normal
02-22 15:01:40.303  1592  1592 D ActivityContext: hideKeyboard
02-22 15:01:40.303  1592  1592 D ActivityContext: isImeShown: false
02-22 15:01:40.303  1592  1592 D StatsLog: LAUNCHER_ONSTOP
02-22 15:01:40.303  1592  1592 D StatsLog: LAUNCHER_GOOGLE_SEARCH_RESTORE_LIST_SIZE_AFTER_ACTIVITY_RESTART
02-22 15:01:40.303  1592  5144 D GmsPlayProvider: Shutdown the binder channel gracefully.
02-22 15:01:40.303  1592  5144 D GmsPlayProvider: Binder channel is terminated gracefully.
02-22 15:01:40.389   785  1248 W ImageReader_JNI: Unable to acquire a buffer item, very likely client tried to acquire more than maxImages buffers
02-22 15:01:40.582   785   807 V GrammaticalInflectionUtils: AttributionSource: android.content.AttributionSource@a32a7c0a does not have READ_SYSTEM_GRAMMATICAL_GENDER permission.
02-22 15:01:40.585  1592  1592 D RecentsView: onTaskDisplayChanged: 85, new displayId = 0
02-22 15:01:40.586 16228 16228 D LifecycleMonitor: Lifecycle status change: androidx.activity.ComponentActivity@847ca1c in: PAUSED
02-22 15:01:40.586 16228 16228 V ActivityScenario: Update currentActivityStage to PAUSED, currentActivity=androidx.activity.ComponentActivity@847ca1c
02-22 15:01:40.587  1592  1592 D b/417220811: invalidateLoadedTasks - previous requestLoadId: -1
02-22 15:01:40.587  1592  1592 D b/417220811: invalidateLoadedTasks - previous requestLoadId: -1
02-22 15:01:40.588 16259 16274 I GFXSTREAM: [eglDisplay.cpp(297)] Opening libGLESv1_CM_emulation.so
02-22 15:01:40.588 16259 16274 I GFXSTREAM: [eglDisplay.cpp(297)] Opening libGLESv2_emulation.so
02-22 15:01:40.592 16259 16274 W HWUI    : Failed to choose config with EGL_SWAP_BEHAVIOR_PRESERVED, retrying without...
02-22 15:01:40.593 16259 16274 W HWUI    : Failed to initialize 101010-2 format, error = EGL_SUCCESS
02-22 15:01:40.599  1268  1417 D WindowOnBackDispatcher: setTopOnBackInvokedCallback (unwrapped): android.view.ViewRootImpl$$ExternalSyntheticLambda12@fbe5e32
02-22 15:01:40.600   609   757 I libbinder.BpBinder: onLastStrongRef automatically unlinking death recipients for descriptor: '(not cached)'
02-22 15:01:40.600 16259 16259 D VRI[InstrumentationActivityInvoker$EmptyActivity]: WindowInsets changed: 1080x2400 statusBars:[0,63,0,0] navigationBars:[0,0,0,63] mandatorySystemGestures:[0,63,0,84]
02-22 15:01:40.600 16259 16259 D WindowOnBackDispatcher: setTopOnBackInvokedCallback (unwrapped): android.view.ViewRootImpl$$ExternalSyntheticLambda12@18328a6
02-22 15:01:40.601   654 14509 W libbinder.IPCThreadState: Sending oneway calls to frozen process.
02-22 15:01:40.601  1592  1592 D b/417220811: invalidateLoadedTasks - previous requestLoadId: -1
02-22 15:01:40.614  1592  1592 D ViewRootImpl: Skipping stats log for color mode
02-22 15:01:40.614  1592  1592 D BaseActivity: Launcher flags updated: [state_started] +[state_started]
02-22 15:01:40.614  1592  1592 D BaseActivity: Launcher flags updated: [state_started|state_resumed|state_user_active] +[state_resumed|state_user_active]
02-22 15:01:40.615  1592  1592 D BaseActivity: Launcher flags updated: [state_started|state_resumed|state_deferred_resumed|state_user_active] +[state_deferred_resumed]
02-22 15:01:40.615  1592  1592 D StatsLog: LAUNCHER_ONRESUME
02-22 15:01:40.616  1592  1628 D QuickstepModelDelegate: notifyAppTargetEvent action=1 launchLocation=workspace/0/[-1,-1]/[1,1]
02-22 15:01:40.616  1592  1592 D NexusLauncherModelDelegate: notifySmartspaceEvent: SmartspaceTargetEvent{mSmartspaceTarget=null, mSmartspaceActionId='null', mEventType=6}
02-22 15:01:40.616  1966  2116 I AiAiEcho: Predicting[0]:  [CONTEXT sampling_count=5 ]
02-22 15:01:40.616  1966  2116 I AiAiEcho: EchoTargets:
02-22 15:01:40.616  1966  2116 I AiAiEcho: Filtered by AiAi flag check:
02-22 15:01:40.616  1966  2116 I AiAiEcho: [CONTEXT ratelimit_period="10 SECONDS" ]
02-22 15:01:40.616  1966  2116 I AiAiEcho: #remoteViewsTwiddler: feature disabled.
02-22 15:01:40.616  1966  2116 I AiAiEcho: #postPredictionTargets: Sending updates to UISurface home with targets# 0 (types=[])
02-22 15:01:40.618  1592  1592 D BaseDepthController: setSurface:
02-22 15:01:40.618  1592  1592 D BaseDepthController: 	mWaitingOnSurfaceValidity: false
02-22 15:01:40.618  1592  1592 D BaseDepthController: 	mBaseSurface: Surface(name=com.google.android.apps.nexuslauncher/com.google.android.apps.nexuslauncher.NexusLauncherActivity#2287)/@0xcf9f3de
02-22 15:01:40.618  1592  1592 V BaseDepthController: Applying blur: 0 to Surface(name=com.google.android.apps.nexuslauncher/com.google.android.apps.nexuslauncher.NexusLauncherActivity#2287)/@0xcf9f3de applyImmediately: false
02-22 15:01:40.618  1592  1592 D BaseDepthController: shouldBlurWorkspace: false targetState: Normal currentStableState: Normal mCurrentBlur: 0 mLauncher.getDepthBlurTargets(): [com.android.launcher3.Workspace{4942105 V.ED..... .......D 0,0-1080,2400 #7f0a049d app:id/workspace}, com.android.launcher3.Hotseat{3ffc55a V.ED..... .......D 0,1905-1080,2400 #7f0a01ee app:id/hotseat}]
02-22 15:01:40.621  1268  1607 D WallpaperService: onVisibilityChanged(true): com.android.systemui.wallpapers.ImageWallpaper$CanvasEngine@fdc379e
02-22 15:01:40.625  1592  1592 D LauncherStateManager: StateManager.createAtomicAnimation: fromState: Normal, toState: Normal, partial trace:
02-22 15:01:40.625  1592  1592 D LauncherStateManager: 	at com.android.quickstep.util.ScalingWorkspaceRevealAnim.<init>(go/retraceme f3a19d912c87c27267cfbc05ba0bc7b202ab72a6648bd76225f5f7e128d94583:54)
02-22 15:01:40.625  1592  1592 D LauncherStateManager: 	at com.android.launcher3.QuickstepTransitionManager.createWallpaperOpenAnimations(go/retraceme f3a19d912c87c27267cfbc05ba0bc7b202ab72a6648bd76225f5f7e128d94583:537)
02-22 15:01:40.625  1592  1592 D LauncherStateManager: 	at com.android.launcher3.QuickstepTransitionManager$WallpaperOpenLauncherAnimationRunner.onAnimationStart(go/retraceme f3a19d912c87c27267cfbc05ba0bc7b202ab72a6648bd76225f5f7e128d94583:96)
02-22 15:01:40.625  1592  1592 D AllAppsTransitionController: shouldProtectHeader: false skipScrim: true state: Normal stateManager.getState(): Normal
02-22 15:01:40.625  1592  1592 D KeyboardInsetsHandler: removePendingImeController: pendingImeController=null
02-22 15:01:40.625  1592  1592 V BaseDepthController: Applying blur: 0 to Surface(name=com.google.android.apps.nexuslauncher/com.google.android.apps.nexuslauncher.NexusLauncherActivity#2287)/@0xcf9f3de applyImmediately: false
02-22 15:01:40.625  1592  1592 D BaseDepthController: shouldBlurWorkspace: false targetState: Normal currentStableState: Normal mCurrentBlur: 0 mLauncher.getDepthBlurTargets(): [com.android.launcher3.Workspace{4942105 V.ED..... ......ID 0,0-1080,2400 #7f0a049d app:id/workspace}, com.android.launcher3.Hotseat{3ffc55a V.ED..... ........ 0,1905-1080,2400 #7f0a01ee app:id/hotseat}]
02-22 15:01:40.625  1592  1592 V BaseDepthController: Applying blur: 0 to Surface(name=com.google.android.apps.nexuslauncher/com.google.android.apps.nexuslauncher.NexusLauncherActivity#2287)/@0xcf9f3de applyImmediately: false
02-22 15:01:40.625  1592  1592 D BaseDepthController: shouldBlurWorkspace: false targetState: Normal currentStableState: Normal mCurrentBlur: 0 mLauncher.getDepthBlurTargets(): [com.android.launcher3.Workspace{4942105 V.ED..... ......ID 0,0-1080,2400 #7f0a049d app:id/workspace}, com.android.launcher3.Hotseat{3ffc55a V.ED..... ........ 0,1905-1080,2400 #7f0a01ee app:id/hotseat}]
02-22 15:01:40.625  1592  1592 D LauncherStateManager: StateManager.cancelAnimation: animation ongoing: false, partial trace:
02-22 15:01:40.625  1592  1592 D LauncherStateManager: 	at com.android.launcher3.statemanager.StateManager.setCurrentAnimation(go/retraceme f3a19d912c87c27267cfbc05ba0bc7b202ab72a6648bd76225f5f7e128d94583:18)
02-22 15:01:40.625  1592  1592 D LauncherStateManager: 	at com.android.launcher3.QuickstepTransitionManager.createWallpaperOpenAnimations(go/retraceme f3a19d912c87c27267cfbc05ba0bc7b202ab72a6648bd76225f5f7e128d94583:646)
02-22 15:01:40.625  1592  1592 D LauncherStateManager: 	at com.android.launcher3.QuickstepTransitionManager$WallpaperOpenLauncherAnimationRunner.onAnimationStart(go/retraceme f3a19d912c87c27267cfbc05ba0bc7b202ab72a6648bd76225f5f7e128d94583:96)
02-22 15:01:40.625  1592  1592 D b/311077782: LauncherAnimationRunner.setAnimation
02-22 15:01:40.625  1592  1592 V BaseDepthController: Applying blur: 0 to Surface(name=com.google.android.apps.nexuslauncher/com.google.android.apps.nexuslauncher.NexusLauncherActivity#2287)/@0xcf9f3de applyImmediately: false
02-22 15:01:40.625  1592  1592 D BaseDepthController: shouldBlurWorkspace: false targetState: Normal currentStableState: Normal mCurrentBlur: 0 mLauncher.getDepthBlurTargets(): [com.android.launcher3.Workspace{4942105 V.ED..... ......ID 0,0-1080,2400 #7f0a049d app:id/workspace}, com.android.launcher3.Hotseat{3ffc55a V.ED..... ......ID 0,1905-1080,2400 #7f0a01ee app:id/hotseat}]
02-22 15:01:40.625  1592  1592 V BaseDepthController: Applying blur: 0 to Surface(name=com.google.android.apps.nexuslauncher/com.google.android.apps.nexuslauncher.NexusLauncherActivity#2287)/@0xcf9f3de applyImmediately: false
02-22 15:01:40.625  1592  1592 D BaseDepthController: shouldBlurWorkspace: false targetState: Normal currentStableState: Normal mCurrentBlur: 0 mLauncher.getDepthBlurTargets(): [com.android.launcher3.Workspace{4942105 V.ED..... ......ID 0,0-1080,2400 #7f0a049d app:id/workspace}, com.android.launcher3.Hotseat{3ffc55a V.ED..... ......ID 0,1905-1080,2400 #7f0a01ee app:id/hotseat}]
02-22 15:01:40.625  1592  1592 V BaseDepthController: Applying blur: 0 to Surface(name=com.google.android.apps.nexuslauncher/com.google.android.apps.nexuslauncher.NexusLauncherActivity#2287)/@0xcf9f3de applyImmediately: false
02-22 15:01:40.625  1592  1592 D BaseDepthController: shouldBlurWorkspace: false targetState: Normal currentStableState: Normal mCurrentBlur: 0 mLauncher.getDepthBlurTargets(): [com.android.launcher3.Workspace{4942105 V.ED..... ......ID 0,0-1080,2400 #7f0a049d app:id/workspace}, com.android.launcher3.Hotseat{3ffc55a V.ED..... ......ID 0,1905-1080,2400 #7f0a01ee app:id/hotseat}]
02-22 15:01:40.625  1592  1592 V BaseDepthController: Applying blur: 0 to Surface(name=com.google.android.apps.nexuslauncher/com.google.android.apps.nexuslauncher.NexusLauncherActivity#2287)/@0xcf9f3de applyImmediately: false
02-22 15:01:40.625  1592  1592 D BaseDepthController: shouldBlurWorkspace: false targetState: Normal currentStableState: Normal mCurrentBlur: 0 mLauncher.getDepthBlurTargets(): [com.android.launcher3.Workspace{4942105 V.ED..... ......ID 0,0-1080,2400 #7f0a049d app:id/workspace}, com.android.launcher3.Hotseat{3ffc55a V.ED..... ......ID 0,1905-1080,2400 #7f0a01ee app:id/hotseat}]
02-22 15:01:40.625  1592  1592 V BaseDepthController: Applying blur: 0 to Surface(name=com.google.android.apps.nexuslauncher/com.google.android.apps.nexuslauncher.NexusLauncherActivity#2287)/@0xcf9f3de applyImmediately: false
02-22 15:01:40.625  1592  1592 D BaseDepthController: shouldBlurWorkspace: false targetState: Normal currentStableState: Normal mCurrentBlur: 0 mLauncher.getDepthBlurTargets(): [com.android.launcher3.Workspace{4942105 V.ED..... ......ID 0,0-1080,2400 #7f0a049d app:id/workspace}, com.android.launcher3.Hotseat{3ffc55a V.ED..... ......ID 0,1905-1080,2400 #7f0a01ee app:id/hotseat}]
02-22 15:01:40.633  1592  1592 D b/417220811: invalidateLoadedTasks - previous requestLoadId: -1
02-22 15:01:40.650  1592  1592 V BaseDepthController: Applying blur: 0 to Surface(name=com.google.android.apps.nexuslauncher/com.google.android.apps.nexuslauncher.NexusLauncherActivity#2287)/@0xcf9f3de applyImmediately: false
02-22 15:01:40.650  1592  1592 D BaseDepthController: shouldBlurWorkspace: false targetState: Normal currentStableState: Normal mCurrentBlur: 0 mLauncher.getDepthBlurTargets(): [com.android.launcher3.Workspace{4942105 V.ED..... ......I. 0,0-1080,2400 #7f0a049d app:id/workspace}, com.android.launcher3.Hotseat{3ffc55a V.ED..... .......D 0,1905-1080,2400 #7f0a01ee app:id/hotseat}]
02-22 15:01:40.650  1592  1592 D SsBaseTemplateCard: Passed-in item info is null
02-22 15:01:40.650  1592  1592 D SsBaseTemplateCard: Passed-in item info is null
02-22 15:01:40.650  1592  1592 D SsBaseTemplateCard: Passed-in item info is null
02-22 15:01:40.650  1592  1592 D SsBaseTemplateCard: Passed-in item info is null
02-22 15:01:40.650  1592  1592 I SsBaseTemplateCard: Secondary card pane is null
02-22 15:01:40.656  1592  1592 D BaseActivity: Launcher flags updated: [state_started|state_resumed|state_deferred_resumed|state_window_focused|state_user_active] +[state_window_focused]
02-22 15:01:40.656   785   922 I ImeTracker: com.google.android.apps.nexuslauncher:9167a8b9: onRequestHide at ORIGIN_SERVER reason HIDE_UNSPECIFIED_WINDOW fromUser false
02-22 15:01:40.657  1592  1592 I ImeTracker: com.google.android.apps.nexuslauncher:9167a8b9: onCancelled at PHASE_CLIENT_ALREADY_HIDDEN
02-22 15:01:40.657  8187  8187 I GoogleInputMethodService: GoogleInputMethodService.onFinishInput():2057
02-22 15:01:40.658  8187  8187 I Module  : DeviceLockedStatusModuleProvider$Module.updateDeviceLockedStatus():100 repeatCheckTimes = 0, locked = false
02-22 15:01:40.658  8187  8187 I GoogleInputMethodService: GoogleInputMethodService.onStartInput():1318 onStartInput(EditorInfo{EditorInfo{packageName=com.google.android.apps.nexuslauncher, inputType=0, inputTypeString=NULL, enableLearning=false, autoCorrection=false, autoComplete=false, imeOptions=0, privateImeOptions=null, actionName=UNSPECIFIED, actionLabel=null, initialSelStart=-1, initialSelEnd=-1, initialCapsMode=0, label=null, fieldId=0, fieldName=null, extras=null, hintText=null, hintLocales=[]}}, false)
02-22 15:01:40.658   785   807 I ImeTracker: system_server:40185f1: onRequestHide at ORIGIN_SERVER reason IME_REQUESTED_CHANGED_LISTENER fromUser false
02-22 15:01:40.658   785   814 I ImeTracker: system_server:40185f1: onCancelled at PHASE_SERVER_SHOULD_HIDE
02-22 15:01:40.659  8187  8187 I Module  : DeviceLockedStatusModuleProvider$Module.updateDeviceLockedStatus():100 repeatCheckTimes = 1, locked = false
02-22 15:01:40.666  1592  1592 V BaseDepthController: Applying blur: 0 to Surface(name=com.google.android.apps.nexuslauncher/com.google.android.apps.nexuslauncher.NexusLauncherActivity#2287)/@0xcf9f3de applyImmediately: false
02-22 15:01:40.666  1592  1592 D BaseDepthController: shouldBlurWorkspace: false targetState: Normal currentStableState: Normal mCurrentBlur: 0 mLauncher.getDepthBlurTargets(): [com.android.launcher3.Workspace{4942105 V.ED..... ........ 0,0-1080,2400 #7f0a049d app:id/workspace}, com.android.launcher3.Hotseat{3ffc55a V.ED..... .......D 0,1905-1080,2400 #7f0a01ee app:id/hotseat}]
02-22 15:01:40.667   577   577 I RanchuHwc: logCompositionFallbackIfChanged: layer 459 CompositionType fallback from 2 to 1
02-22 15:01:40.667   577   577 I RanchuHwc: logCompositionFallbackIfChanged: layer 460 CompositionType fallback from 2 to 1
02-22 15:01:40.683  1592  1592 V BaseDepthController: Applying blur: 0 to Surface(name=com.google.android.apps.nexuslauncher/com.google.android.apps.nexuslauncher.NexusLauncherActivity#2287)/@0xcf9f3de applyImmediately: false
02-22 15:01:40.683  1592  1592 D BaseDepthController: shouldBlurWorkspace: false targetState: Normal currentStableState: Normal mCurrentBlur: 0 mLauncher.getDepthBlurTargets(): [com.android.launcher3.Workspace{4942105 V.ED..... ........ 0,0-1080,2400 #7f0a049d app:id/workspace}, com.android.launcher3.Hotseat{3ffc55a V.ED..... .......D 0,1905-1080,2400 #7f0a01ee app:id/hotseat}]
02-22 15:01:40.700  1592  1592 V BaseDepthController: Applying blur: 0 to Surface(name=com.google.android.apps.nexuslauncher/com.google.android.apps.nexuslauncher.NexusLauncherActivity#2287)/@0xcf9f3de applyImmediately: false
02-22 15:01:40.700  1592  1592 D BaseDepthController: shouldBlurWorkspace: false targetState: Normal currentStableState: Normal mCurrentBlur: 0 mLauncher.getDepthBlurTargets(): [com.android.launcher3.Workspace{4942105 V.ED..... ........ 0,0-1080,2400 #7f0a049d app:id/workspace}, com.android.launcher3.Hotseat{3ffc55a V.ED..... ........ 0,1905-1080,2400 #7f0a01ee app:id/hotseat}]
02-22 15:01:40.714  1592  1592 D b/417220811: invalidateLoadedTasks - previous requestLoadId: -1
02-22 15:01:40.716  1592  1592 V BaseDepthController: Applying blur: 0 to Surface(name=com.google.android.apps.nexuslauncher/com.google.android.apps.nexuslauncher.NexusLauncherActivity#2287)/@0xcf9f3de applyImmediately: false
02-22 15:01:40.716  1592  1592 D BaseDepthController: shouldBlurWorkspace: false targetState: Normal currentStableState: Normal mCurrentBlur: 0 mLauncher.getDepthBlurTargets(): [com.android.launcher3.Workspace{4942105 V.ED..... ........ 0,0-1080,2400 #7f0a049d app:id/workspace}, com.android.launcher3.Hotseat{3ffc55a V.ED..... ........ 0,1905-1080,2400 #7f0a01ee app:id/hotseat}]
02-22 15:01:40.733  1592  1592 V BaseDepthController: Applying blur: 0 to Surface(name=com.google.android.apps.nexuslauncher/com.google.android.apps.nexuslauncher.NexusLauncherActivity#2287)/@0xcf9f3de applyImmediately: false
02-22 15:01:40.733  1592  1592 D BaseDepthController: shouldBlurWorkspace: false targetState: Normal currentStableState: Normal mCurrentBlur: 0 mLauncher.getDepthBlurTargets(): [com.android.launcher3.Workspace{4942105 V.ED..... ........ 0,0-1080,2400 #7f0a049d app:id/workspace}, com.android.launcher3.Hotseat{3ffc55a V.ED..... ........ 0,1905-1080,2400 #7f0a01ee app:id/hotseat}]
02-22 15:01:40.750  1592  1592 V BaseDepthController: Applying blur: 0 to Surface(name=com.google.android.apps.nexuslauncher/com.google.android.apps.nexuslauncher.NexusLauncherActivity#2287)/@0xcf9f3de applyImmediately: false
02-22 15:01:40.750  1592  1592 D BaseDepthController: shouldBlurWorkspace: false targetState: Normal currentStableState: Normal mCurrentBlur: 0 mLauncher.getDepthBlurTargets(): [com.android.launcher3.Workspace{4942105 V.ED..... ........ 0,0-1080,2400 #7f0a049d app:id/workspace}, com.android.launcher3.Hotseat{3ffc55a V.ED..... ........ 0,1905-1080,2400 #7f0a01ee app:id/hotseat}]
02-22 15:01:40.766  1592  1592 V BaseDepthController: Applying blur: 0 to Surface(name=com.google.android.apps.nexuslauncher/com.google.android.apps.nexuslauncher.NexusLauncherActivity#2287)/@0xcf9f3de applyImmediately: false
02-22 15:01:40.766  1592  1592 D BaseDepthController: shouldBlurWorkspace: false targetState: Normal currentStableState: Normal mCurrentBlur: 0 mLauncher.getDepthBlurTargets(): [com.android.launcher3.Workspace{4942105 V.ED..... ........ 0,0-1080,2400 #7f0a049d app:id/workspace}, com.android.launcher3.Hotseat{3ffc55a V.ED..... ........ 0,1905-1080,2400 #7f0a01ee app:id/hotseat}]
02-22 15:01:40.783  1592  1592 V BaseDepthController: Applying blur: 0 to Surface(name=com.google.android.apps.nexuslauncher/com.google.android.apps.nexuslauncher.NexusLauncherActivity#2287)/@0xcf9f3de applyImmediately: false
02-22 15:01:40.783  1592  1592 D BaseDepthController: shouldBlurWorkspace: false targetState: Normal currentStableState: Normal mCurrentBlur: 0 mLauncher.getDepthBlurTargets(): [com.android.launcher3.Workspace{4942105 V.ED..... ........ 0,0-1080,2400 #7f0a049d app:id/workspace}, com.android.launcher3.Hotseat{3ffc55a V.ED..... ........ 0,1905-1080,2400 #7f0a01ee app:id/hotseat}]
02-22 15:01:40.800  1592  1592 V BaseDepthController: Applying blur: 0 to Surface(name=com.google.android.apps.nexuslauncher/com.google.android.apps.nexuslauncher.NexusLauncherActivity#2287)/@0xcf9f3de applyImmediately: false
02-22 15:01:40.800  1592  1592 D BaseDepthController: shouldBlurWorkspace: false targetState: Normal currentStableState: Normal mCurrentBlur: 0 mLauncher.getDepthBlurTargets(): [com.android.launcher3.Workspace{4942105 V.ED..... ........ 0,0-1080,2400 #7f0a049d app:id/workspace}, com.android.launcher3.Hotseat{3ffc55a V.ED..... ........ 0,1905-1080,2400 #7f0a01ee app:id/hotseat}]
02-22 15:01:40.816  1592  1592 V BaseDepthController: Applying blur: 0 to Surface(name=com.google.android.apps.nexuslauncher/com.google.android.apps.nexuslauncher.NexusLauncherActivity#2287)/@0xcf9f3de applyImmediately: false
02-22 15:01:40.816  1592  1592 D BaseDepthController: setEarlyWakeup: true
02-22 15:01:40.816  1592  1592 D BaseDepthController: shouldBlurWorkspace: false targetState: Normal currentStableState: Normal mCurrentBlur: 0 mLauncher.getDepthBlurTargets(): [com.android.launcher3.Workspace{4942105 V.ED..... ........ 0,0-1080,2400 #7f0a049d app:id/workspace}, com.android.launcher3.Hotseat{3ffc55a V.ED..... ........ 0,1905-1080,2400 #7f0a01ee app:id/hotseat}]
02-22 15:01:40.833  1592  1592 V BaseDepthController: Applying blur: 0 to Surface(name=com.google.android.apps.nexuslauncher/com.google.android.apps.nexuslauncher.NexusLauncherActivity#2287)/@0xcf9f3de applyImmediately: false
02-22 15:01:40.833  1592  1592 D BaseDepthController: shouldBlurWorkspace: false targetState: Normal currentStableState: Normal mCurrentBlur: 0 mLauncher.getDepthBlurTargets(): [com.android.launcher3.Workspace{4942105 V.ED..... ........ 0,0-1080,2400 #7f0a049d app:id/workspace}, com.android.launcher3.Hotseat{3ffc55a V.ED..... ........ 0,1905-1080,2400 #7f0a01ee app:id/hotseat}]
02-22 15:01:40.850  1592  1592 V BaseDepthController: Applying blur: 0 to Surface(name=com.google.android.apps.nexuslauncher/com.google.android.apps.nexuslauncher.NexusLauncherActivity#2287)/@0xcf9f3de applyImmediately: false
02-22 15:01:40.850  1592  1592 D BaseDepthController: shouldBlurWorkspace: false targetState: Normal currentStableState: Normal mCurrentBlur: 0 mLauncher.getDepthBlurTargets(): [com.android.launcher3.Workspace{4942105 V.ED..... ........ 0,0-1080,2400 #7f0a049d app:id/workspace}, com.android.launcher3.Hotseat{3ffc55a V.ED..... ........ 0,1905-1080,2400 #7f0a01ee app:id/hotseat}]
02-22 15:01:40.866  1592  1592 V BaseDepthController: Applying blur: 0 to Surface(name=com.google.android.apps.nexuslauncher/com.google.android.apps.nexuslauncher.NexusLauncherActivity#2287)/@0xcf9f3de applyImmediately: false
02-22 15:01:40.867  1592  1592 D BaseDepthController: shouldBlurWorkspace: false targetState: Normal currentStableState: Normal mCurrentBlur: 0 mLauncher.getDepthBlurTargets(): [com.android.launcher3.Workspace{4942105 V.ED..... ........ 0,0-1080,2400 #7f0a049d app:id/workspace}, com.android.launcher3.Hotseat{3ffc55a V.ED..... ........ 0,1905-1080,2400 #7f0a01ee app:id/hotseat}]
02-22 15:01:40.883  1592  1592 V BaseDepthController: Applying blur: 0 to Surface(name=com.google.android.apps.nexuslauncher/com.google.android.apps.nexuslauncher.NexusLauncherActivity#2287)/@0xcf9f3de applyImmediately: false
02-22 15:01:40.883  1592  1592 D BaseDepthController: shouldBlurWorkspace: false targetState: Normal currentStableState: Normal mCurrentBlur: 0 mLauncher.getDepthBlurTargets(): [com.android.launcher3.Workspace{4942105 V.ED..... ........ 0,0-1080,2400 #7f0a049d app:id/workspace}, com.android.launcher3.Hotseat{3ffc55a V.ED..... ........ 0,1905-1080,2400 #7f0a01ee app:id/hotseat}]
02-22 15:01:40.900  1592  1592 V BaseDepthController: Applying blur: 0 to Surface(name=com.google.android.apps.nexuslauncher/com.google.android.apps.nexuslauncher.NexusLauncherActivity#2287)/@0xcf9f3de applyImmediately: false
02-22 15:01:40.900  1592  1592 D BaseDepthController: shouldBlurWorkspace: false targetState: Normal currentStableState: Normal mCurrentBlur: 0 mLauncher.getDepthBlurTargets(): [com.android.launcher3.Workspace{4942105 V.ED..... ........ 0,0-1080,2400 #7f0a049d app:id/workspace}, com.android.launcher3.Hotseat{3ffc55a V.ED..... ........ 0,1905-1080,2400 #7f0a01ee app:id/hotseat}]
02-22 15:01:40.917  1592  1592 V BaseDepthController: Applying blur: 0 to Surface(name=com.google.android.apps.nexuslauncher/com.google.android.apps.nexuslauncher.NexusLauncherActivity#2287)/@0xcf9f3de applyImmediately: false
02-22 15:01:40.917  1592  1592 D BaseDepthController: shouldBlurWorkspace: false targetState: Normal currentStableState: Normal mCurrentBlur: 0 mLauncher.getDepthBlurTargets(): [com.android.launcher3.Workspace{4942105 V.ED..... ........ 0,0-1080,2400 #7f0a049d app:id/workspace}, com.android.launcher3.Hotseat{3ffc55a V.ED..... ........ 0,1905-1080,2400 #7f0a01ee app:id/hotseat}]
02-22 15:01:40.933  1592  1592 V BaseDepthController: Applying blur: 0 to Surface(name=com.google.android.apps.nexuslauncher/com.google.android.apps.nexuslauncher.NexusLauncherActivity#2287)/@0xcf9f3de applyImmediately: false
02-22 15:01:40.933  1592  1592 D BaseDepthController: shouldBlurWorkspace: false targetState: Normal currentStableState: Normal mCurrentBlur: 0 mLauncher.getDepthBlurTargets(): [com.android.launcher3.Workspace{4942105 V.ED..... ........ 0,0-1080,2400 #7f0a049d app:id/workspace}, com.android.launcher3.Hotseat{3ffc55a V.ED..... ........ 0,1905-1080,2400 #7f0a01ee app:id/hotseat}]
02-22 15:01:40.934   654 14509 W libbinder.IPCThreadState: Sending oneway calls to frozen process.
02-22 15:01:40.935  1268  1417 D WindowOnBackDispatcher: setTopOnBackInvokedCallback (unwrapped): null
02-22 15:01:40.950  1592  1592 V BaseDepthController: Applying blur: 0 to Surface(name=com.google.android.apps.nexuslauncher/com.google.android.apps.nexuslauncher.NexusLauncherActivity#2287)/@0xcf9f3de applyImmediately: false
02-22 15:01:40.950  1592  1592 D BaseDepthController: shouldBlurWorkspace: false targetState: Normal currentStableState: Normal mCurrentBlur: 0 mLauncher.getDepthBlurTargets(): [com.android.launcher3.Workspace{4942105 V.ED..... ........ 0,0-1080,2400 #7f0a049d app:id/workspace}, com.android.launcher3.Hotseat{3ffc55a V.ED..... ........ 0,1905-1080,2400 #7f0a01ee app:id/hotseat}]
02-22 15:01:40.966  1592  1592 V BaseDepthController: Applying blur: 0 to Surface(name=com.google.android.apps.nexuslauncher/com.google.android.apps.nexuslauncher.NexusLauncherActivity#2287)/@0xcf9f3de applyImmediately: false
02-22 15:01:40.967  1592  1592 D BaseDepthController: shouldBlurWorkspace: false targetState: Normal currentStableState: Normal mCurrentBlur: 0 mLauncher.getDepthBlurTargets(): [com.android.launcher3.Workspace{4942105 V.ED..... ........ 0,0-1080,2400 #7f0a049d app:id/workspace}, com.android.launcher3.Hotseat{3ffc55a V.ED..... ........ 0,1905-1080,2400 #7f0a01ee app:id/hotseat}]
02-22 15:01:40.983  1592  1592 V BaseDepthController: Applying blur: 0 to Surface(name=com.google.android.apps.nexuslauncher/com.google.android.apps.nexuslauncher.NexusLauncherActivity#2287)/@0xcf9f3de applyImmediately: false
02-22 15:01:40.983  1592  1592 D BaseDepthController: shouldBlurWorkspace: false targetState: Normal currentStableState: Normal mCurrentBlur: 0 mLauncher.getDepthBlurTargets(): [com.android.launcher3.Workspace{4942105 V.ED..... ........ 0,0-1080,2400 #7f0a049d app:id/workspace}, com.android.launcher3.Hotseat{3ffc55a V.ED..... ........ 0,1905-1080,2400 #7f0a01ee app:id/hotseat}]
02-22 15:01:40.999  1592  1592 V BaseDepthController: Applying blur: 0 to Surface(name=com.google.android.apps.nexuslauncher/com.google.android.apps.nexuslauncher.NexusLauncherActivity#2287)/@0xcf9f3de applyImmediately: false
02-22 15:01:40.999  1592  1592 D BaseDepthController: shouldBlurWorkspace: false targetState: Normal currentStableState: Normal mCurrentBlur: 0 mLauncher.getDepthBlurTargets(): [com.android.launcher3.Workspace{4942105 V.ED..... ........ 0,0-1080,2400 #7f0a049d app:id/workspace}, com.android.launcher3.Hotseat{3ffc55a V.ED..... ........ 0,1905-1080,2400 #7f0a01ee app:id/hotseat}]
02-22 15:01:41.016  1592  1592 V BaseDepthController: Applying blur: 0 to Surface(name=com.google.android.apps.nexuslauncher/com.google.android.apps.nexuslauncher.NexusLauncherActivity#2287)/@0xcf9f3de applyImmediately: false
02-22 15:01:41.016  1592  1592 D BaseDepthController: shouldBlurWorkspace: false targetState: Normal currentStableState: Normal mCurrentBlur: 0 mLauncher.getDepthBlurTargets(): [com.android.launcher3.Workspace{4942105 V.ED..... ........ 0,0-1080,2400 #7f0a049d app:id/workspace}, com.android.launcher3.Hotseat{3ffc55a V.ED..... ........ 0,1905-1080,2400 #7f0a01ee app:id/hotseat}]
02-22 15:01:41.033  1592  1592 V BaseDepthController: Applying blur: 0 to Surface(name=com.google.android.apps.nexuslauncher/com.google.android.apps.nexuslauncher.NexusLauncherActivity#2287)/@0xcf9f3de applyImmediately: false
02-22 15:01:41.033  1592  1592 D BaseDepthController: shouldBlurWorkspace: false targetState: Normal currentStableState: Normal mCurrentBlur: 0 mLauncher.getDepthBlurTargets(): [com.android.launcher3.Workspace{4942105 V.ED..... ........ 0,0-1080,2400 #7f0a049d app:id/workspace}, com.android.launcher3.Hotseat{3ffc55a V.ED..... ........ 0,1905-1080,2400 #7f0a01ee app:id/hotseat}]
02-22 15:01:41.034   785  1172 I HalDevMgr: bestIfaceCreationProposal is null, requestIface=STA, existingIface=[name=wlan0 type=STA]
02-22 15:01:41.049  1592  1592 V BaseDepthController: Applying blur: 0 to Surface(name=com.google.android.apps.nexuslauncher/com.google.android.apps.nexuslauncher.NexusLauncherActivity#2287)/@0xcf9f3de applyImmediately: false
02-22 15:01:41.049  1592  1592 D BaseDepthController: shouldBlurWorkspace: false targetState: Normal currentStableState: Normal mCurrentBlur: 0 mLauncher.getDepthBlurTargets(): [com.android.launcher3.Workspace{4942105 V.ED..... ........ 0,0-1080,2400 #7f0a049d app:id/workspace}, com.android.launcher3.Hotseat{3ffc55a V.ED..... ........ 0,1905-1080,2400 #7f0a01ee app:id/hotseat}]
02-22 15:01:41.066  1592  1592 V BaseDepthController: Applying blur: 0 to Surface(name=com.google.android.apps.nexuslauncher/com.google.android.apps.nexuslauncher.NexusLauncherActivity#2287)/@0xcf9f3de applyImmediately: false
02-22 15:01:41.066  1592  1592 D BaseDepthController: shouldBlurWorkspace: false targetState: Normal currentStableState: Normal mCurrentBlur: 0 mLauncher.getDepthBlurTargets(): [com.android.launcher3.Workspace{4942105 V.ED..... ........ 0,0-1080,2400 #7f0a049d app:id/workspace}, com.android.launcher3.Hotseat{3ffc55a V.ED..... ........ 0,1905-1080,2400 #7f0a01ee app:id/hotseat}]
02-22 15:01:41.083  1592  1592 V BaseDepthController: Applying blur: 0 to Surface(name=com.google.android.apps.nexuslauncher/com.google.android.apps.nexuslauncher.NexusLauncherActivity#2287)/@0xcf9f3de applyImmediately: false
02-22 15:01:41.083  1592  1592 D BaseDepthController: shouldBlurWorkspace: false targetState: Normal currentStableState: Normal mCurrentBlur: 0 mLauncher.getDepthBlurTargets(): [com.android.launcher3.Workspace{4942105 V.ED..... ........ 0,0-1080,2400 #7f0a049d app:id/workspace}, com.android.launcher3.Hotseat{3ffc55a V.ED..... ........ 0,1905-1080,2400 #7f0a01ee app:id/hotseat}]
02-22 15:01:41.099  1592  1592 V BaseDepthController: Applying blur: 0 to Surface(name=com.google.android.apps.nexuslauncher/com.google.android.apps.nexuslauncher.NexusLauncherActivity#2287)/@0xcf9f3de applyImmediately: false
02-22 15:01:41.099  1592  1592 D BaseDepthController: shouldBlurWorkspace: false targetState: Normal currentStableState: Normal mCurrentBlur: 0 mLauncher.getDepthBlurTargets(): [com.android.launcher3.Workspace{4942105 V.ED..... ........ 0,0-1080,2400 #7f0a049d app:id/workspace}, com.android.launcher3.Hotseat{3ffc55a V.ED..... ........ 0,1905-1080,2400 #7f0a01ee app:id/hotseat}]
02-22 15:01:41.116  1592  1592 V BaseDepthController: Applying blur: 0 to Surface(name=com.google.android.apps.nexuslauncher/com.google.android.apps.nexuslauncher.NexusLauncherActivity#2287)/@0xcf9f3de applyImmediately: false
02-22 15:01:41.117  1592  1592 D BaseDepthController: shouldBlurWorkspace: false targetState: Normal currentStableState: Normal mCurrentBlur: 0 mLauncher.getDepthBlurTargets(): [com.android.launcher3.Workspace{4942105 V.ED..... ........ 0,0-1080,2400 #7f0a049d app:id/workspace}, com.android.launcher3.Hotseat{3ffc55a V.ED..... ........ 0,1905-1080,2400 #7f0a01ee app:id/hotseat}]
02-22 15:01:41.133  1592  1592 V BaseDepthController: Applying blur: 0 to Surface(name=com.google.android.apps.nexuslauncher/com.google.android.apps.nexuslauncher.NexusLauncherActivity#2287)/@0xcf9f3de applyImmediately: false
02-22 15:01:41.133  1592  1592 D BaseDepthController: shouldBlurWorkspace: false targetState: Normal currentStableState: Normal mCurrentBlur: 0 mLauncher.getDepthBlurTargets(): [com.android.launcher3.Workspace{4942105 V.ED..... ........ 0,0-1080,2400 #7f0a049d app:id/workspace}, com.android.launcher3.Hotseat{3ffc55a V.ED..... ........ 0,1905-1080,2400 #7f0a01ee app:id/hotseat}]
02-22 15:01:41.149  1592  1592 V BaseDepthController: Applying blur: 0 to Surface(name=com.google.android.apps.nexuslauncher/com.google.android.apps.nexuslauncher.NexusLauncherActivity#2287)/@0xcf9f3de applyImmediately: false
02-22 15:01:41.149  1592  1592 D BaseDepthController: shouldBlurWorkspace: false targetState: Normal currentStableState: Normal mCurrentBlur: 0 mLauncher.getDepthBlurTargets(): [com.android.launcher3.Workspace{4942105 V.ED..... ........ 0,0-1080,2400 #7f0a049d app:id/workspace}, com.android.launcher3.Hotseat{3ffc55a V.ED..... ........ 0,1905-1080,2400 #7f0a01ee app:id/hotseat}]
02-22 15:01:41.166  1592  1592 V BaseDepthController: Applying blur: 0 to Surface(name=com.google.android.apps.nexuslauncher/com.google.android.apps.nexuslauncher.NexusLauncherActivity#2287)/@0xcf9f3de applyImmediately: false
02-22 15:01:41.166  1592  1592 D BaseDepthController: shouldBlurWorkspace: false targetState: Normal currentStableState: Normal mCurrentBlur: 0 mLauncher.getDepthBlurTargets(): [com.android.launcher3.Workspace{4942105 V.ED..... ........ 0,0-1080,2400 #7f0a049d app:id/workspace}, com.android.launcher3.Hotseat{3ffc55a V.ED..... ........ 0,1905-1080,2400 #7f0a01ee app:id/hotseat}]
02-22 15:01:41.183  1592  1592 V BaseDepthController: Applying blur: 0 to Surface(name=com.google.android.apps.nexuslauncher/com.google.android.apps.nexuslauncher.NexusLauncherActivity#2287)/@0xcf9f3de applyImmediately: false
02-22 15:01:41.183  1592  1592 D BaseDepthController: shouldBlurWorkspace: false targetState: Normal currentStableState: Normal mCurrentBlur: 0 mLauncher.getDepthBlurTargets(): [com.android.launcher3.Workspace{4942105 V.ED..... ........ 0,0-1080,2400 #7f0a049d app:id/workspace}, com.android.launcher3.Hotseat{3ffc55a V.ED..... ........ 0,1905-1080,2400 #7f0a01ee app:id/hotseat}]
02-22 15:01:41.199  1592  1592 V BaseDepthController: Applying blur: 0 to Surface(name=com.google.android.apps.nexuslauncher/com.google.android.apps.nexuslauncher.NexusLauncherActivity#2287)/@0xcf9f3de applyImmediately: false
02-22 15:01:41.200  1592  1592 D BaseDepthController: shouldBlurWorkspace: false targetState: Normal currentStableState: Normal mCurrentBlur: 0 mLauncher.getDepthBlurTargets(): [com.android.launcher3.Workspace{4942105 V.ED..... ........ 0,0-1080,2400 #7f0a049d app:id/workspace}, com.android.launcher3.Hotseat{3ffc55a V.ED..... ........ 0,1905-1080,2400 #7f0a01ee app:id/hotseat}]
02-22 15:01:41.216  1592  1592 V BaseDepthController: Applying blur: 0 to Surface(name=com.google.android.apps.nexuslauncher/com.google.android.apps.nexuslauncher.NexusLauncherActivity#2287)/@0xcf9f3de applyImmediately: false
02-22 15:01:41.217  1592  1592 D BaseDepthController: shouldBlurWorkspace: false targetState: Normal currentStableState: Normal mCurrentBlur: 0 mLauncher.getDepthBlurTargets(): [com.android.launcher3.Workspace{4942105 V.ED..... ........ 0,0-1080,2400 #7f0a049d app:id/workspace}, com.android.launcher3.Hotseat{3ffc55a V.ED..... ........ 0,1905-1080,2400 #7f0a01ee app:id/hotseat}]
02-22 15:01:41.233  1592  1592 V BaseDepthController: Applying blur: 0 to Surface(name=com.google.android.apps.nexuslauncher/com.google.android.apps.nexuslauncher.NexusLauncherActivity#2287)/@0xcf9f3de applyImmediately: false
02-22 15:01:41.233  1592  1592 D BaseDepthController: shouldBlurWorkspace: false targetState: Normal currentStableState: Normal mCurrentBlur: 0 mLauncher.getDepthBlurTargets(): [com.android.launcher3.Workspace{4942105 V.ED..... ........ 0,0-1080,2400 #7f0a049d app:id/workspace}, com.android.launcher3.Hotseat{3ffc55a V.ED..... ........ 0,1905-1080,2400 #7f0a01ee app:id/hotseat}]
02-22 15:01:41.266  1592  1592 V BaseDepthController: Applying blur: 0 to Surface(name=com.google.android.apps.nexuslauncher/com.google.android.apps.nexuslauncher.NexusLauncherActivity#2287)/@0xcf9f3de applyImmediately: false
02-22 15:01:41.266  1592  1592 D BaseDepthController: shouldBlurWorkspace: false targetState: Normal currentStableState: Normal mCurrentBlur: 0 mLauncher.getDepthBlurTargets(): [com.android.launcher3.Workspace{4942105 V.ED..... ........ 0,0-1080,2400 #7f0a049d app:id/workspace}, com.android.launcher3.Hotseat{3ffc55a V.ED..... ........ 0,1905-1080,2400 #7f0a01ee app:id/hotseat}]
02-22 15:01:41.284  1592  1592 V BaseDepthController: Applying blur: 0 to Surface(name=com.google.android.apps.nexuslauncher/com.google.android.apps.nexuslauncher.NexusLauncherActivity#2287)/@0xcf9f3de applyImmediately: false
02-22 15:01:41.284  1592  1592 D BaseDepthController: shouldBlurWorkspace: false targetState: Normal currentStableState: Normal mCurrentBlur: 0 mLauncher.getDepthBlurTargets(): [com.android.launcher3.Workspace{4942105 V.ED..... ........ 0,0-1080,2400 #7f0a049d app:id/workspace}, com.android.launcher3.Hotseat{3ffc55a V.ED..... ........ 0,1905-1080,2400 #7f0a01ee app:id/hotseat}]
02-22 15:01:41.316  1592  1592 V BaseDepthController: Applying blur: 0 to Surface(name=com.google.android.apps.nexuslauncher/com.google.android.apps.nexuslauncher.NexusLauncherActivity#2287)/@0xcf9f3de applyImmediately: false
02-22 15:01:41.316  1592  1592 D BaseDepthController: shouldBlurWorkspace: false targetState: Normal currentStableState: Normal mCurrentBlur: 0 mLauncher.getDepthBlurTargets(): [com.android.launcher3.Workspace{4942105 V.ED..... ........ 0,0-1080,2400 #7f0a049d app:id/workspace}, com.android.launcher3.Hotseat{3ffc55a V.ED..... ........ 0,1905-1080,2400 #7f0a01ee app:id/hotseat}]
02-22 15:01:41.350  1592  1592 V BaseDepthController: Applying blur: 0 to Surface(name=com.google.android.apps.nexuslauncher/com.google.android.apps.nexuslauncher.NexusLauncherActivity#2287)/@0xcf9f3de applyImmediately: false
02-22 15:01:41.350  1592  1592 D BaseDepthController: shouldBlurWorkspace: false targetState: Normal currentStableState: Normal mCurrentBlur: 0 mLauncher.getDepthBlurTargets(): [com.android.launcher3.Workspace{4942105 V.ED..... ........ 0,0-1080,2400 #7f0a049d app:id/workspace}, com.android.launcher3.Hotseat{3ffc55a V.ED..... ........ 0,1905-1080,2400 #7f0a01ee app:id/hotseat}]
02-22 15:01:41.400  1592  1592 V BaseDepthController: Applying blur: 0 to Surface(name=com.google.android.apps.nexuslauncher/com.google.android.apps.nexuslauncher.NexusLauncherActivity#2287)/@0xcf9f3de applyImmediately: false
02-22 15:01:41.400  1592  1592 D BaseDepthController: shouldBlurWorkspace: false targetState: Normal currentStableState: Normal mCurrentBlur: 0 mLauncher.getDepthBlurTargets(): [com.android.launcher3.Workspace{4942105 V.ED..... ........ 0,0-1080,2400 #7f0a049d app:id/workspace}, com.android.launcher3.Hotseat{3ffc55a V.ED..... ........ 0,1905-1080,2400 #7f0a01ee app:id/hotseat}]
02-22 15:01:41.466  1592  1592 V BaseDepthController: Applying blur: 0 to Surface(name=com.google.android.apps.nexuslauncher/com.google.android.apps.nexuslauncher.NexusLauncherActivity#2287)/@0xcf9f3de applyImmediately: false
02-22 15:01:41.466  1592  1592 D BaseDepthController: setEarlyWakeup: false
02-22 15:01:41.466  1592  1592 D BaseDepthController: shouldBlurWorkspace: false targetState: Normal currentStableState: Normal mCurrentBlur: 0 mLauncher.getDepthBlurTargets(): [com.android.launcher3.Workspace{4942105 V.ED..... ........ 0,0-1080,2400 #7f0a049d app:id/workspace}, com.android.launcher3.Hotseat{3ffc55a V.ED..... ........ 0,1905-1080,2400 #7f0a01ee app:id/hotseat}]
02-22 15:01:41.616  1592  1592 D ScalingWorkspaceRevealAnim: onAnimationEnd, workspace and hotseat are visible
02-22 15:01:41.616  1592  1592 V BaseDepthController: Applying blur: 0 to Surface(name=com.google.android.apps.nexuslauncher/com.google.android.apps.nexuslauncher.NexusLauncherActivity#2287)/@0xcf9f3de applyImmediately: false
02-22 15:01:41.616  1592  1592 D BaseDepthController: shouldBlurWorkspace: false targetState: Normal currentStableState: Normal mCurrentBlur: 0 mLauncher.getDepthBlurTargets(): [com.android.launcher3.Workspace{4942105 V.ED..... ......ID 0,0-1080,2400 #7f0a049d app:id/workspace}, com.android.launcher3.Hotseat{3ffc55a V.ED..... ......ID 0,1905-1080,2400 #7f0a01ee app:id/hotseat}]
02-22 15:01:41.620 16228 16228 D VRI[ComponentActivity]: visibilityChanged oldVisibility=true newVisibility=false
02-22 15:01:41.624 16259 16259 D WindowOnBackDispatcher: setTopOnBackInvokedCallback (unwrapped): null
02-22 15:01:41.625 16259 16259 D ViewRootImpl: Skipping stats log for color mode
02-22 15:01:41.627  1592  1592 D RecentsView: onTaskRemoved: 85, not handling task stack changes
02-22 15:01:41.627  1592  1592 D RecentsView: onTaskRemoved: 85, not handling task stack changes
02-22 15:01:41.635  1592  1592 D b/417220811: invalidateLoadedTasks - previous requestLoadId: -1
02-22 15:01:41.644 16228 16228 D LifecycleMonitor: Lifecycle status change: androidx.activity.ComponentActivity@847ca1c in: STOPPED
